<?php return array (
  0 => 'Symfony\\Bundle\\FrameworkBundle\\Controller\\AbstractController',
  2 => 'Symfony\\Bundle\\FrameworkBundle\\Controller\\ControllerResolver',
  3 => 'Symfony\\Bundle\\FrameworkBundle\\Controller\\RedirectController',
  4 => 'Symfony\\Bundle\\FrameworkBundle\\Controller\\TemplateController',
  5 => 'Symfony\\Component\\HttpKernel\\Controller\\ArgumentResolver',
  6 => 'Symfony\\Component\\HttpKernel\\Controller\\ArgumentResolverInterface',
  7 => 'Symfony\\Component\\HttpKernel\\Controller\\ArgumentResolver\\BackedEnumValueResolver',
  8 => 'Symfony\\Component\\HttpKernel\\Controller\\ArgumentResolver\\DateTimeValueResolver',
  9 => 'Symfony\\Component\\HttpKernel\\Controller\\ArgumentResolver\\DefaultValueResolver',
  10 => 'Symfony\\Component\\HttpKernel\\Controller\\ArgumentResolver\\NotTaggedControllerValueResolver',
  11 => 'Symfony\\Component\\HttpKernel\\Controller\\ArgumentResolver\\RequestAttributeValueResolver',
  12 => 'Symfony\\Component\\HttpKernel\\Controller\\ArgumentResolver\\RequestValueResolver',
  13 => 'Symfony\\Component\\HttpKernel\\Controller\\ArgumentResolver\\ServiceValueResolver',
  14 => 'Symfony\\Component\\HttpKernel\\Controller\\ArgumentResolver\\SessionValueResolver',
  15 => 'Symfony\\Component\\HttpKernel\\Controller\\ArgumentResolver\\TraceableValueResolver',
  16 => 'Symfony\\Component\\HttpKernel\\Controller\\ArgumentResolver\\UidValueResolver',
  17 => 'Symfony\\Component\\HttpKernel\\Controller\\ArgumentResolver\\VariadicValueResolver',
  18 => 'Symfony\\Component\\HttpKernel\\Controller\\ArgumentValueResolverInterface',
  19 => 'Symfony\\Component\\HttpKernel\\Controller\\ContainerControllerResolver',
  20 => 'Symfony\\Component\\HttpKernel\\Controller\\ControllerReference',
  21 => 'Symfony\\Component\\HttpKernel\\Controller\\ControllerResolver',
  22 => 'Symfony\\Component\\HttpKernel\\Controller\\ControllerResolverInterface',
  23 => 'Symfony\\Component\\HttpKernel\\Controller\\ErrorController',
  24 => 'Symfony\\Component\\HttpKernel\\Controller\\TraceableArgumentResolver',
  25 => 'Symfony\\Component\\HttpKernel\\Controller\\TraceableControllerResolver',
);