<?php return array (
  0 => 'Symfony\\Bundle\\FrameworkBundle\\Controller\\AbstractController',
  1 => 'App\\Controller\\HomeController',
  2 => 'App\\Controller\\SecurityController',
  3 => 'App\\Controller\\TrickController',
  4 => 'App\\Controller\\UserController',
  5 => 'App\\Entity\\Commentary',
  6 => 'App\\Entity\\EmailValidation',
  7 => 'App\\Entity\\Group',
  8 => 'App\\Entity\\Media',
  9 => 'App\\Entity\\RegistrationToken',
  10 => 'App\\Entity\\Trick',
  11 => 'App\\Entity\\User',
  12 => 'Doctrine\\Bundle\\DoctrineBundle\\Controller\\ProfilerController',
  13 => 'Doctrine\\ORM\\Cache\\Persister\\Entity\\AbstractEntityPersister',
  14 => 'Doctrine\\ORM\\Cache\\Persister\\Entity\\CachedEntityPersister',
  15 => 'Doctrine\\ORM\\Cache\\Persister\\Entity\\NonStrictReadWriteCachedEntityPersister',
  16 => 'Doctrine\\ORM\\Cache\\Persister\\Entity\\ReadOnlyCachedEntityPersister',
  17 => 'Doctrine\\ORM\\Cache\\Persister\\Entity\\ReadWriteCachedEntityPersister',
  18 => 'Doctrine\\ORM\\Persisters\\Entity\\AbstractEntityInheritancePersister',
  19 => 'Doctrine\\ORM\\Persisters\\Entity\\BasicEntityPersister',
  20 => 'Doctrine\\ORM\\Persisters\\Entity\\CachedPersisterContext',
  21 => 'Doctrine\\ORM\\Persisters\\Entity\\EntityPersister',
  22 => 'Doctrine\\ORM\\Persisters\\Entity\\JoinedSubclassPersister',
  23 => 'Doctrine\\ORM\\Persisters\\Entity\\SingleTablePersister',
  25 => 'Symfony\\Bundle\\FrameworkBundle\\Controller\\ControllerResolver',
  26 => 'Symfony\\Bundle\\FrameworkBundle\\Controller\\RedirectController',
  27 => 'Symfony\\Bundle\\FrameworkBundle\\Controller\\TemplateController',
  28 => 'Symfony\\Bundle\\WebProfilerBundle\\Controller\\ExceptionPanelController',
  29 => 'Symfony\\Bundle\\WebProfilerBundle\\Controller\\ProfilerController',
  30 => 'Symfony\\Bundle\\WebProfilerBundle\\Controller\\RouterController',
  31 => 'Symfony\\Component\\HttpKernel\\Controller\\ArgumentResolver',
  32 => 'Symfony\\Component\\HttpKernel\\Controller\\ArgumentResolverInterface',
  33 => 'Symfony\\Component\\HttpKernel\\Controller\\ArgumentResolver\\BackedEnumValueResolver',
  34 => 'Symfony\\Component\\HttpKernel\\Controller\\ArgumentResolver\\DateTimeValueResolver',
  35 => 'Symfony\\Component\\HttpKernel\\Controller\\ArgumentResolver\\DefaultValueResolver',
  36 => 'Symfony\\Component\\HttpKernel\\Controller\\ArgumentResolver\\NotTaggedControllerValueResolver',
  37 => 'Symfony\\Component\\HttpKernel\\Controller\\ArgumentResolver\\RequestAttributeValueResolver',
  38 => 'Symfony\\Component\\HttpKernel\\Controller\\ArgumentResolver\\RequestValueResolver',
  39 => 'Symfony\\Component\\HttpKernel\\Controller\\ArgumentResolver\\ServiceValueResolver',
  40 => 'Symfony\\Component\\HttpKernel\\Controller\\ArgumentResolver\\SessionValueResolver',
  41 => 'Symfony\\Component\\HttpKernel\\Controller\\ArgumentResolver\\TraceableValueResolver',
  42 => 'Symfony\\Component\\HttpKernel\\Controller\\ArgumentResolver\\UidValueResolver',
  43 => 'Symfony\\Component\\HttpKernel\\Controller\\ArgumentResolver\\VariadicValueResolver',
  44 => 'Symfony\\Component\\HttpKernel\\Controller\\ArgumentValueResolverInterface',
  45 => 'Symfony\\Component\\HttpKernel\\Controller\\ContainerControllerResolver',
  46 => 'Symfony\\Component\\HttpKernel\\Controller\\ControllerReference',
  47 => 'Symfony\\Component\\HttpKernel\\Controller\\ControllerResolver',
  48 => 'Symfony\\Component\\HttpKernel\\Controller\\ControllerResolverInterface',
  49 => 'Symfony\\Component\\HttpKernel\\Controller\\ErrorController',
  50 => 'Symfony\\Component\\HttpKernel\\Controller\\TraceableArgumentResolver',
  51 => 'Symfony\\Component\\HttpKernel\\Controller\\TraceableControllerResolver',
  52 => 'Symfony\\Component\\Security\\Http\\Controller\\UserValueResolver',
);